genericSamplePojo=[
java.lang.String
java.util.List

public static <T extends List<String>, S> Builder0<T, S> create() {
  return new Builder0<>(new Builder<T, S>());
}

public static <T extends List<String>, S> Builder0<T, S> customerBuilder() {
  return new Builder0<>(new Builder<T, S>());
}

public static <T extends List<String>, S> Builder0<T, S> create(Class<T> classOfT, Class<S> classOfS) {
  return new Builder0<>(new Builder<T, S>());
}

public static <T extends List<String>, S> Builder0<T, S> customerBuilder(Class<T> classOfT, Class<S> classOfS) {
  return new Builder0<>(new Builder<T, S>());
}

public static <T extends List<String>, S> FullBuilder0<T, S> createFull() {
  return new FullBuilder0<>(new Builder<T, S>());
}

public static <T extends List<String>, S> FullBuilder0<T, S> fullCustomerBuilder() {
  return new FullBuilder0<>(new Builder<T, S>());
}

public static <T extends List<String>, S> FullBuilder0<T, S> createFull(Class<T> classOfT, Class<S> classOfS) {
  return new FullBuilder0<>(new Builder<T, S>());
}

public static <T extends List<String>, S> FullBuilder0<T, S> fullCustomerBuilder(Class<T> classOfT, Class<S> classOfS) {
  return new FullBuilder0<>(new Builder<T, S>());
}
]


genericSamplePojoFullBuilderDisabled=[
java.lang.String
java.util.List

public static <T extends List<String>, S> Builder0<T, S> create() {
  return new Builder0<>(new Builder<T, S>());
}

public static <T extends List<String>, S> Builder0<T, S> customerBuilder() {
  return new Builder0<>(new Builder<T, S>());
}

public static <T extends List<String>, S> Builder0<T, S> create(Class<T> classOfT, Class<S> classOfS) {
  return new Builder0<>(new Builder<T, S>());
}

public static <T extends List<String>, S> Builder0<T, S> customerBuilder(Class<T> classOfT, Class<S> classOfS) {
  return new Builder0<>(new Builder<T, S>());
}

]


genericSamplePojoStandardBuilderDisabled=[
java.lang.String
java.util.List
.
.
public static <T extends List<String>, S> FullBuilder0<T, S> createFull() {
  return new FullBuilder0<>(new Builder<T, S>());
}

public static <T extends List<String>, S> FullBuilder0<T, S> fullCustomerBuilder() {
  return new FullBuilder0<>(new Builder<T, S>());
}

public static <T extends List<String>, S> FullBuilder0<T, S> createFull(Class<T> classOfT, Class<S> classOfS) {
  return new FullBuilder0<>(new Builder<T, S>());
}

public static <T extends List<String>, S> FullBuilder0<T, S> fullCustomerBuilder(Class<T> classOfT, Class<S> classOfS) {
  return new FullBuilder0<>(new Builder<T, S>());
}
]


samplePojo=[
.
.
public static Builder0 create() {
  return new Builder0(new Builder());
}

public static Builder0 customerBuilder() {
  return new Builder0(new Builder());
}

public static FullBuilder0 createFull() {
  return new FullBuilder0(new Builder());
}

public static FullBuilder0 fullCustomerBuilder() {
  return new FullBuilder0(new Builder());
}

]


samplePojoFullBuilderDisabled=[
.
.
public static Builder0 create() {
  return new Builder0(new Builder());
}

public static Builder0 customerBuilder() {
  return new Builder0(new Builder());
}

]


samplePojoStandardBuilderDisabled=[
.
.

public static FullBuilder0 createFull() {
  return new FullBuilder0(new Builder());
}

public static FullBuilder0 fullCustomerBuilder() {
  return new FullBuilder0(new Builder());
}

]