calledWithGenericSample=[
java.io.IOException

public Customer<T, S> build() throws IOException {
  return builder.build();
}
]


calledWithGenericSampleWithCustomBuildMethod=[
java.io.IOException

public String build() throws IOException {
  return builder.build();
}
]


factoryMethodSample=[
io.github.muehmar.exception.SomeException

public io.github.muehmar.Customer build() throws SomeException {
  return builder.build();
}
]