twoExceptions=[
io.github.muehmar.exception.SomeException
java.lang.IllegalArgumentException

SomeException, IllegalArgumentException
]